      "html_url": "https://github.com/srmadscience",
    "html_url": "https://github.com/srmadscience/addToDeploymentDotXml",
      "html_url": "https://github.com/srmadscience",
    "html_url": "https://github.com/srmadscience/binarydiff",
      "html_url": "https://github.com/srmadscience",
    "html_url": "https://github.com/srmadscience/bosch-dishwasher-control",
      "html_url": "https://github.com/srmadscience",
    "html_url": "https://github.com/srmadscience/Convert2VoltDB",
      "html_url": "https://github.com/srmadscience",
    "html_url": "https://github.com/srmadscience/drjt",
      "html_url": "https://github.com/srmadscience",
    "html_url": "https://github.com/srmadscience/filewrangling-utils",
      "html_url": "https://github.com/srmadscience",
    "html_url": "https://github.com/srmadscience/gdocs2md",
      "html_url": "https://github.com/srmadscience",
    "html_url": "https://github.com/srmadscience/hcpy-hacked",
      "html_url": "https://github.com/srmadscience",
    "html_url": "https://github.com/srmadscience/jdbcwizard-dbhell",
      "html_url": "https://github.com/srmadscience",
    "html_url": "https://github.com/srmadscience/jdbcwizard-demo-code",
      "html_url": "https://github.com/srmadscience",
    "html_url": "https://github.com/srmadscience/jdbcwizard-pub",
      "html_url": "https://github.com/srmadscience",
    "html_url": "https://github.com/srmadscience/jdbcwizard-test-code",
      "html_url": "https://github.com/srmadscience",
    "html_url": "https://github.com/srmadscience/lrucache_client",
      "html_url": "https://github.com/srmadscience",
    "html_url": "https://github.com/srmadscience/lrucache_client_cassandra",
      "html_url": "https://github.com/srmadscience",
    "html_url": "https://github.com/srmadscience/lrucache_client_oracle",
      "html_url": "https://github.com/srmadscience",
    "html_url": "https://github.com/srmadscience/lrucache_client_postgres",
      "html_url": "https://github.com/srmadscience",
    "html_url": "https://github.com/srmadscience/lrucache_sdk",
      "html_url": "https://github.com/srmadscience",
    "html_url": "https://github.com/srmadscience/lrucache_server",
      "html_url": "https://github.com/srmadscience",
    "html_url": "https://github.com/srmadscience/mongodb-charglt",
      "html_url": "https://github.com/srmadscience",
    "html_url": "https://github.com/srmadscience/redis-charglt",
      "html_url": "https://github.com/srmadscience",
    "html_url": "https://github.com/srmadscience/s2-charglt",
      "html_url": "https://github.com/srmadscience",
    "html_url": "https://github.com/srmadscience/simple-python-pyinstaller-app",
      "html_url": "https://github.com/srmadscience",
    "html_url": "https://github.com/srmadscience/smartdenserank",
      "html_url": "https://github.com/srmadscience",
    "html_url": "https://github.com/srmadscience/srmadscience",
      "html_url": "https://github.com/srmadscience",
    "html_url": "https://github.com/srmadscience/TMF654-PrepayBalance-v4.0.0-client",
      "html_url": "https://github.com/srmadscience",
    "html_url": "https://github.com/srmadscience/TMF654-PrepayBalance-v4.0.0-server",
      "html_url": "https://github.com/srmadscience",
    "html_url": "https://github.com/srmadscience/TMF654-PrepayBalance-v4.0.0-volt",
      "html_url": "https://github.com/srmadscience",
    "html_url": "https://github.com/srmadscience/volt-activeSD101",
      "html_url": "https://github.com/srmadscience",
    "html_url": "https://github.com/srmadscience/volt-aggdemo-voltsp",
      "html_url": "https://github.com/srmadscience",
    "html_url": "https://github.com/srmadscience/volt-flightcache",
